﻿
> beb-quiz@0.0.0 build
> vite build

[36mvite v8.0.8 [32mbuilding client environment for production...[36m[39m
[2K
transforming...Γ£ô 51 modules transformed.
node.exe : [31mΓ£ù[39m Build failed in 380ms
At C:\Program Files\nodejs\npm.ps1:29 char:3
+   & $NODE_EXE $NPM_CLI_JS $args
+   ~~~~~~~~~~~~~~~~~~~~~~~~~~~~~
    + CategoryInfo          : NotSpecified: ([31mΓ£ù[39m Build failed in 380ms:String) [], RemoteException
    + FullyQualifiedErrorId : NativeCommandError
 
[31merror during build:
[31mBuild failed with 1 error:

[plugin vite:css-post]
SyntaxError: [lightningcss minify] Invalid dangling combinator in selector
1004|  
1005|   
1006|  @keyframes fadeIn {
    |  ^
1007|  	from { opacity: 0; transform: translateY(10px); }
1008|  	to { opacity: 1; transform: translateY(0); }
    at Module.<anonymous> (C:\Users\user\Desktop\project\beb-quiz\node_modules\lightningcss\node\index.js:56:14)
    at minifyCSS (file:///C:/Users/user/Desktop/project/beb-quiz/node_modules/vite/dist/node/chunks/node.js:21260:59)
    at async finalizeCss (file:///C:/Users/user/Desktop/project/beb-quiz/node_modules/vite/dist/node/chunks/node.js:211
06:36)
    at async Promise.all (index 1)
    at async Object.run (file:///C:/Users/user/Desktop/project/beb-quiz/node_modules/vite/dist/node/chunks/node.js:2438
:22)
    at async PluginContextImpl.renderChunk (file:///C:/Users/user/Desktop/project/beb-quiz/node_modules/vite/dist/node/
chunks/node.js:20645:19)
    at async plugin (file:///C:/Users/user/Desktop/project/beb-quiz/node_modules/rolldown/dist/shared/bindingify-input-
options-DYpBf1OG.mjs:1277:16)
    at async plugin.<computed> (file:///C:/Users/user/Desktop/project/beb-quiz/node_modules/rolldown/dist/shared/bindin
gify-input-options-DYpBf1OG.mjs:1636:12)[31m
    at aggregateBindingErrorsIntoJsError (file:///C:/Users/user/Desktop/project/beb-quiz/node_modules/rolldown/dist/sha
red/error-w0u7biK-.mjs:48:18)
    at unwrapBindingResult (file:///C:/Users/user/Desktop/project/beb-quiz/node_modules/rolldown/dist/shared/error-w0u7
biK-.mjs:18:128)
    at #build (file:///C:/Users/user/Desktop/project/beb-quiz/node_modules/rolldown/dist/shared/rolldown-build-DtGk-m96
.mjs:3313:34)
    at async buildEnvironment (file:///C:/Users/user/Desktop/project/beb-quiz/node_modules/vite/dist/node/chunks/node.j
s:32954:64)
    at async Object.build (file:///C:/Users/user/Desktop/project/beb-quiz/node_modules/vite/dist/node/chunks/node.js:33
376:19)
    at async Object.buildApp (file:///C:/Users/user/Desktop/project/beb-quiz/node_modules/vite/dist/node/chunks/node.js
:33373:153)
    at async CAC.<anonymous> (file:///C:/Users/user/Desktop/project/beb-quiz/node_modules/vite/dist/node/cli.js:778:3) 
{
  errors: [Getter/Setter]
}[39m
